python : Python was not found; run without arguments to install from the 
Microsoft Store, or disable this shortcut from Settings > Apps > Advanced app 
settings > App execution aliases.
No linha:1 caractere:1
+ python main.py --auto 2>&1 | Tee-Object -FilePath test_output.log
+ ~~~~~~~~~~~~~~~~~~~~~~~~~~
    + CategoryInfo          : NotSpecified: (Python was not ...cution aliases. 
   :String) [], RemoteException
    + FullyQualifiedErrorId : NativeCommandError
 
